Variable "a" undefined at:
  - line 54:7
Variable "b" undefined at:
  - line 54:11
Variable "c" undefined at:
  - line 54:3
Stack trace leading up to error:
   goA : {initial} -> {stateA}
   initA : {stateA} -> {terminal}

Variable "a" undefined at:
  - line 54:7
Variable "c" undefined at:
  - line 54:3
Stack trace leading up to error:
   goB : {initial} -> {stateB}
   initB : {stateB} -> {stateA}
   initA : {stateA} -> {terminal}
