foo() {
  after (tmp = "2015-10-10T00:00:00Z"; tmp) {
-------------------------------------^
    transitionTo(@terminal)
  }

"<stdin>" (line 7, column 38):
unexpected ";"
expecting operator or ")"