Error at Line 5, Column 12:
   Expected an expression on the right hand side of an assignment but got the statement 'b = 10'