Error at Line 3, Column 3:
   Unbound variable:  c