Error at Line 5, Column 3:
   Expected a statement but got something of type 'bool'

Error at Line 9, Column 10:
   The binding 'f' shadows the global variable
      of the same name, of type 'bool',
      bound at Line 1, Column 17.