 
Method arguments and effects:
go: (T) -> {write via terminate, write x}