 
Method arguments and effects:
start: (direction) -> {write i}
increase: () -> {read i, write i}
assignedStop: () -> {write via terminate}
assign: (direction) -> {write i}