 
Method arguments and effects:
foo: (int, int) -> {write via terminate, write x}