 
Method arguments and effects:
foo: () -> {}
bar: () -> {read via now}