 
Method arguments and effects:
go: () -> {write via terminate, read g}