[ ModifyGlobal
    Name { unName = "m" }
    (VMap
       (fromList
          [ ( VAccount
                (Address "43WRxMNcnYgZFcE36iohqrXKQdajUdAxeSn9mzE1ZedB")
            , VFixed (Fixed2 (F2 225.48))
            )
          ]))
, ModifyState WorkflowState { places = fromList [ PlaceEnd ] }
, Terminate
]
fromList
  [ ( Key { unKey = "m" }
    , VMap
        (fromList
           [ ( VAccount
                 (Address "43WRxMNcnYgZFcE36iohqrXKQdajUdAxeSn9mzE1ZedB")
             , VFixed (Fixed2 (F2 225.48))
             )
           ])
    )
  ]