 
Method arguments and effects:
go1: () -> {write via stay}
go2: () -> {write via terminate}