The declared and actual transitions do not match up:
• Unused: 'transition initial -> a', which is declared but not implemented by any method.
• Unused: 'transition a -> a', which is declared but not implemented by any method.
• Unused: 'transition a -> end', which is declared but not implemented by any method.

Inferred Transitions:
/* No transitions */