Type error at Line 10, Column 21:
   Expected: 'int' inferred from the collection type 'map<account, int>' supplied as an argument to the primop 'element' on Line 2, Column 37
   But got:  'asset<bool>' inferred from the type signature of argument 1 of function 'element' on Line 10, Column 21

Error at Line 11, Column 24:
   Implicit loss of numeric precision
      'int' inferred from the collection type 'map<account, int>' supplied as an argument to the primop 'element' on Line 2, Column 37
      'decimal<2>' inferred from the type signature of argument 1 of function 'element' on Line 11, Column 24
   Possible fixes:
      • round the higher precision expression to match the lower precision
      • use types with more (e.g. arbitrary) precision