Precondition violation: a at No location info
Allowed access: [role: u'6pxGdGG6nQP3VoCW7HoGkCGDNCiCEWP3P5jHtrvgphBc']
Actual access: [role: u'fwBVDsVh8SYQy98CzYpNPcbyTRczVUZ96HszhNRB8Ve']