Workflow soundness errors:
â€¢ Unreachable: 'transition {b} -> {terminal}'.