Transition error at Line 5, Column 3:
   This statement transitions, leaving the following statement at Line 6, Column 3 unreachable.