Workflow soundness errors:
â€¢ Dead-end state: '{d}'.