 
Method arguments and effects:
init: () -> {write via terminate, write a}