*** Deltas ***
[ ModifyGlobal Name { unName = "x" } (VNum (NumDecimal 0))
, ModifyState WorkflowState { places = fromList [ PlaceEnd ] }
, Terminate
]

*** Globals ***
fromList
  [ ( Key { unKey = "testAddr" }
    , VAccount (Address "fwBVDsVh8SYQy98CzYpNPcbyTRczVUZ96HszhNRB8Ve")
    )
  , ( Key { unKey = "testAddr2" }
    , VAccount (Address "Fw68hsis6JPW4ed3ER1VC959TTf9DqberLxrq5uECKxh")
    )
  , ( Key { unKey = "testAddr3" }
    , VAccount (Address "4Stv5gWGt78D3p919HFcKEschSmyGKGrAX2G35xJgdhw")
    )
  , ( Key { unKey = "x" } , VNum (NumDecimal 0) )
  ]
