Expected no ledger effects
Actual effects: {read via sender}
location: Line 1, Column 28