 
Method arguments and effects:
init: () -> {read m, read n, write n}